// Jest Snapshot v1, https://goo.gl/fbAQLP

exports[`Home renders correctly 1`] = `
<div
  className="container"
>
  <div
    className="jumbotron"
  >
    <h1>
      React-base
    </h1>
    <p>
      Kick-start your new web application based on React and Redux technologies.
      <br />
      It also includes Webpack, React hot loader, PostCSS, JSON-server tools for even more rapid development.
    </p>
  </div>
</div>
`;
