// Jest Snapshot v1, https://goo.gl/fbAQLP

exports[`Application renders correctly 1`] = `
<div
  className="layout"
>
  <main
    className="wrapper"
  >
    <nav
      className="panel navbar navbar-default"
    >
      <div
        className="container"
      >
        <div
          className="navbar-header"
        >
          <span
            className="navbar-brand"
          >
            React-base
          </span>
        </div>
        <ul
          className="nav navbar-nav"
        >
          <li>
            <a
              onClick={[Function]}
              style={Object {}}
            >
              Home
            </a>
          </li>
          <li>
            <a
              onClick={[Function]}
              style={Object {}}
            >
              About
            </a>
          </li>
        </ul>
        <ul
          className="nav navbar-nav navbar-right"
          role={null}
        >
          <li
            className=""
            role="presentation"
            style={undefined}
          >
            <a
              href="#"
              onClick={[Function]}
              role="button"
            >
              Sign up
            </a>
          </li>
          <li
            className=""
            role="presentation"
            style={undefined}
          >
            <a
              href="#"
              onClick={[Function]}
              role="button"
            >
              Sign in
            </a>
          </li>
        </ul>
      </div>
    </nav>
    <div
      loggedIn={false}
    />
  </main>
  <footer
    className="footer"
  >
    <p
      className="footer-text"
    >
      React-base
    </p>
  </footer>
  <div
    className="modals"
  />
</div>
`;
